I'm sorry, but errors were detected in your script. Please correct the
errors listed below, and try again.


File "game/script.rpy", line 24: Line is indented, but the preceding define statement statement does not expect a block. Please check this line's indentation. You may have forgotten a colon (:).
    sinal = "sinal.mp3"
    ^

Ren'Py Version: Ren'Py 8.2.3.24061702
Tue Oct 15 01:39:53 2024
